Outer window is 0x600001, inner window is 0x600002

PropertyNotify event, serial 8, synthetic NO, window 0x600001,
    atom 0x27 (WM_NAME), time 433591733, state PropertyNewValue

PropertyNotify event, serial 9, synthetic NO, window 0x600001,
    atom 0x22 (WM_COMMAND), time 433591733, state PropertyNewValue

PropertyNotify event, serial 10, synthetic NO, window 0x600001,
    atom 0x28 (WM_NORMAL_HINTS), time 433591733, state PropertyNewValue

CreateNotify event, serial 11, synthetic NO, window 0x600001,
    parent 0x600001, window 0x600002, (10,10), width 50, height 50
border_width 4, override NO

PropertyNotify event, serial 14, synthetic NO, window 0x600001,
    atom 0x10c (WM_PROTOCOLS), time 433591733, state PropertyNewValue

MapNotify event, serial 15, synthetic NO, window 0x600001,
    event 0x600001, window 0x600002, override NO

MapNotify event, serial 16, synthetic NO, window 0x600001,
    event 0x600001, window 0x600001, override NO

VisibilityNotify event, serial 16, synthetic NO, window 0x600001,
    state VisibilityUnobscured

Expose event, serial 16, synthetic NO, window 0x600001,
    (0,0), width 420, height 10, count 3

Expose event, serial 16, synthetic NO, window 0x600001,
    (0,10), width 10, height 58, count 2

Expose event, serial 16, synthetic NO, window 0x600001,
    (68,10), width 352, height 58, count 1

Expose event, serial 16, synthetic NO, window 0x600001,
    (0,68), width 420, height 252, count 0

EnterNotify event, serial 16, synthetic NO, window 0x600001,
    root 0x50d, subw 0x600002, time 433591733, (33,33), root:(135,135),
    mode NotifyNormal, detail NotifyVirtual, same_screen YES,
    focus YES, state 0

KeymapNotify event, serial 16, synthetic NO, window 0x0,
    keys:  4294967281 0   0   0   0   0   0   0   0   0   0   0   0   0   0   0   
           0   0   0   0   0   0   0   0   0   0   0   0   0   0   0   0   

LeaveNotify event, serial 28, synthetic NO, window 0x600001,
    root 0x50d, subw 0x600002, time 433592603, (33,33), root:(135,135),
    mode NotifyNormal, detail NotifyNonlinearVirtual, same_screen YES,
    focus YES, state 0

EnterNotify event, serial 28, synthetic NO, window 0x600001,
    root 0x50d, subw 0x600002, time 433593288, (33,33), root:(135,135),
    mode NotifyNormal, detail NotifyNonlinearVirtual, same_screen YES,
    focus YES, state 0

KeymapNotify event, serial 28, synthetic NO, window 0x0,
    keys:  13  0   0   16  0   0   0   0   0   0   0   0   0   0   0   0   
           0   0   0   0   0   0   0   0   0   0   0   0   0   0   0   0   

KeyRelease event, serial 28, synthetic NO, window 0x600001,
    root 0x50d, subw 0x600002, time 433593292, (33,33), root:(135,135),
    state 0x0, keycode 28 (keysym 0x74, t), same_screen YES,
    XLookupString gives 1 bytes: (74) "t"
    XFilterEvent returns: False

MotionNotify event, serial 31, synthetic NO, window 0x600001,
    root 0x50d, subw 0x600002, time 433593517, (33,33), root:(135,135),
    state 0x0, is_hint 0, same_screen YES

ButtonPress event, serial 31, synthetic NO, window 0x600001,
    root 0x50d, subw 0x600002, time 433593624, (33,33), root:(135,135),
    state 0x0, button 1, same_screen YES

EnterNotify event, serial 31, synthetic NO, window 0x600001,
    root 0x50d, subw 0x0, time 433593624, (33,33), root:(135,135),
    mode NotifyGrab, detail NotifyInferior, same_screen YES,
    focus YES, state 256

KeymapNotify event, serial 31, synthetic NO, window 0x0,
    keys:  0   0   0   0   0   0   0   0   0   0   0   0   0   0   0   0   
           0   0   0   0   0   0   0   0   0   0   0   0   0   0   0   0   

ButtonRelease event, serial 31, synthetic NO, window 0x600001,
    root 0x50d, subw 0x600002, time 433593624, (33,33), root:(135,135),
    state 0x100, button 1, same_screen YES

LeaveNotify event, serial 31, synthetic NO, window 0x600001,
    root 0x50d, subw 0x0, time 433593624, (33,33), root:(135,135),
    mode NotifyUngrab, detail NotifyInferior, same_screen YES,
    focus YES, state 0
